--- PAPER-CODE ALIGNMENT REPORT ---
Date: Wed Feb 18 09:20:43 UTC 2026

1. INPUTS & FEATURES
   [Paper Claim]
   - Sources: AgERA5, ECMWF SEAS5, NAO/SCAND/MEI, ERA5-Land, SoilGrids, CropMap, MODIS.
   - Features: Bio-Physical Risk Scanner (Oxygen Stress, Harvest Respiration).
   - Indices: Z-scores (Z_heat, Z_bal, Z_tank, Z_anoxia, Z_sow).
   [Code Verification]
   - src/02_models/02_features/generate_stage1_features.py:
     - Calculates z_heat, z_bal, z_tank, z_anoxia, z_sow.
     - Uses 'anoxia_events' and 'harvest_respiration_risk' from WOFOST.
   [Verdict] MATCH.

2. COMPONENTS
   [Paper Claim]
   - M1: Statistical Trend Baseline (GAM + ARIMA).
   - M2: Robust Linear Integrator (HuberRegressor).
   - M3: V31 Solar-Gated Specialist.
   - S_hybrid: Hybrid XGBoost (Signal Generator).
   - REMOVED: Native Ensemble.
   [Code Verification]
   - src/02_models/04_super_ensemble/prepare_ensemble_data.py:
     - Loads: Statistical Trend, Robust Linear, V31 Solar Gated, Hybrid XGB.
     - Comments out: Native Ensemble.
   [Verdict] MATCH.

3. SYSTEM ARCHITECTURE (EXPERT SYSTEM)
   [Paper Claim]
   - Logic: Threshold Switching based on Signal S = Y_hybrid / Y_trend.
   - Regime 1 (Safety): S < 0.8 -> M1 (Trend).
   - Regime 2 (Bumper): S > 1.0 -> M2 (Robust).
   - Regime 3 (Normal): 0.8 <= S <= 1.0 -> Blend (0.6*M2 + 0.4*M3).
   [Code Verification]
   - src/02_models/04_super_ensemble/train_meta_regressor.py:
     - signal = hybrid / trend
     - if signal < 0.8: return trend
     - elif signal > 1.0: return robust
     - else: return 0.6*robust + 0.4*v31
   [Verdict] MATCH.

4. RESULTS & METRICS
   [Paper Claim]
   - MAE: 61.79 dt/ha (2000-2024).
   - Skill: 8.06% (2000-2024), 10.75% (2010-2024).
   - Anomaly 2018: Super Ensemble 736.9 (MAE 123.7), Trend 799.7 (MAE 182.1).
   - Error Decomposition: 65.7% Systemic, 34.3% Selection.
   [Code Verification]
   - Logs provided match these numbers exactly.
   [Verdict] MATCH.

5. DISCREPANCIES & RECOMMENDATIONS
   - V31 Description: Paper describes V31 as 'Solar-Gated Specialist (High Yield Potential)'. Code shows V31 has internal 'Water Crash' logic (water < -0.95 -> multiplier < 1.0). This allowed V31 to predict the 2018 drought accurately within the Normal Regime blend.
     -> Recommendation: Minor update to V31 description to mention 'Water-Limited Downside'.
   - Native Ensemble: Still present in Table 1 (Results) despite being removed from architecture.
     -> Recommendation: Remove 'Native Ensemble' row from Table 1.
